
=================================== ERRORS ====================================
__________________ ERROR collecting tests/test__run_tests.py __________________
ImportError while importing test module 'P:\packages\intelligence-stream\tests\test__run_tests.py'.
Hint: make sure your test modules/packages have valid Python names.
Traceback:
C:\Python314\Lib\importlib\__init__.py:88: in import_module
    return _bootstrap._gcd_import(name[level:], package, level)
           ^^^^^^^^^^^^^^^^^^^^^^^^^^^^^^^^^^^^^^^^^^^^^^^^^^^^
tests\test__run_tests.py:3: in <module>
    from _run_tests import _run_tests
E   ModuleNotFoundError: No module named '_run_tests'
___________________ ERROR collecting tests/test__run_vid.py ___________________
ImportError while importing test module 'P:\packages\intelligence-stream\tests\test__run_vid.py'.
Hint: make sure your test modules/packages have valid Python names.
Traceback:
C:\Python314\Lib\importlib\__init__.py:88: in import_module
    return _bootstrap._gcd_import(name[level:], package, level)
           ^^^^^^^^^^^^^^^^^^^^^^^^^^^^^^^^^^^^^^^^^^^^^^^^^^^^
tests\test__run_vid.py:3: in <module>
    from _run_vid import _run_vid
E   ModuleNotFoundError: No module named '_run_vid'
__________________ ERROR collecting tests/test_run_tests.py ___________________
ImportError while importing test module 'P:\packages\intelligence-stream\tests\test_run_tests.py'.
Hint: make sure your test modules/packages have valid Python names.
Traceback:
C:\Python314\Lib\importlib\__init__.py:88: in import_module
    return _bootstrap._gcd_import(name[level:], package, level)
           ^^^^^^^^^^^^^^^^^^^^^^^^^^^^^^^^^^^^^^^^^^^^^^^^^^^^
tests\test_run_tests.py:3: in <module>
    from run_tests import run_tests
E   ImportError: cannot import name 'run_tests' from 'run_tests' (P:\packages\intelligence-stream\run_tests.py)
------------------------------- Captured stdout -------------------------------
Return code: 1
Output written to test_all7.txt
=========================== short test summary info ===========================
ERROR tests/test__run_tests.py
ERROR tests/test__run_vid.py
ERROR tests/test_run_tests.py
!!!!!!!!!!!!!!!!!!! Interrupted: 3 errors during collection !!!!!!!!!!!!!!!!!!!
3 errors in 352.76s (0:05:52)
